ss://YWVzLTI1Ni1nY206cGFzczp3b3JkPQ@ss.example.com:8388#ss-plain
ssr://c3NyLmV4YW1wbGUuY29tOjgzODk6YXV0aF9hZXMxMjhfbWQ1OmFlcy0xMjgtY2ZiOmh0dHBfc2ltcGxlOmMzTnljR0Z6Y3cvP2dyb3VwPSZyZW1hcmtzPWMzTnlMVzV2WkdVJm9iZnNwYXJhbT1iMkptY3k1bGVHRnRjR3hsTG1OdmJRJnByb3RvcGFyYW09TVRJek5EcGhZbU0
vmess://eyJhZGQiOiJ2bWVzcy5leGFtcGxlLmNvbSIsImFpZCI6IjAiLCJob3N0IjoiaG9zdC5leGFtcGxlLmNvbSIsImlkIjoiYjQ0NTM2MWEtYWJjZi00YTRhLWE5N2EtMGJmNDEzNmQ2ZGRjIiwibmV0Ijoid3MiLCJwYXRoIjoiL3dzIiwicG9ydCI6IjQ0MyIsInBzIjoidm1lc3Mtd3MiLCJ0bHMiOiJ0bHMiLCJ2IjoiMiJ9
trojan://trojanpw@trojan.example.com:443?allowInsecure=0#trojan-node
