ssd://eyJhaXJwb3J0IjoiVGVzdEdyb3VwIiwiZW5jcnlwdGlvbiI6ImFlcy0xMjgtZ2NtIiwicGFzc3dvcmQiOiJwYXNzd29yZCIsInBvcnQiOjEsInNlcnZlcnMiOlt7ImVuY3J5cHRpb24iOiJhZXMtMjU2LWdjbSIsImlkIjowLCJwYXNzd29yZCI6InBhc3M6d29yZD0iLCJwbHVnaW4iOiIiLCJwbHVnaW5fb3B0aW9ucyI6IiIsInBvcnQiOjgzODgsInJlbWFya3MiOiJzcy1wbGFpbiIsInNlcnZlciI6InNzLmV4YW1wbGUuY29tIn1dfQ==